
NADER@DESKTOP-5KJD6C6 MINGW64 ~/Desktop/git and gitHub (master)
$ git init
Initialized empty Git repository in C:/Users/NADER/Desktop/git and gitHub/.git/

NADER@DESKTOP-5KJD6C6 MINGW64 ~/Desktop/git and gitHub (master)
$ git commit -m "first commit"
On branch master

Initial commit

nothing to commit (create/copy files and use "git add" to track)

NADER@DESKTOP-5KJD6C6 MINGW64 ~/Desktop/git and gitHub (master)
$ git add .

NADER@DESKTOP-5KJD6C6 MINGW64 ~/Desktop/git and gitHub (master)
$ git commit -m "first commit"
On branch master

Initial commit

nothing to commit (create/copy files and use "git add" to track)

NADER@DESKTOP-5KJD6C6 MINGW64 ~/Desktop/git and gitHub (master)
$ git config --global user.name "nader2122"

NADER@DESKTOP-5KJD6C6 MINGW64 ~/Desktop/git and gitHub (master)
$ git config --global user.email "nadertrabelssi@gmail.com"

NADER@DESKTOP-5KJD6C6 MINGW64 ~/Desktop/git and gitHub (master)
$ git remote add https://github.com/nader2122/new.git
usage: git remote add [<options>] <name> <url>

    -f, --fetch           fetch the remote branches
    --tags                import all tags and associated objects when fetching
                          or do not fetch any tag at all (--no-tags)
    -t, --track <branch>  branch(es) to track
    -m, --master <branch>
                          master branch
    --mirror[=(push|fetch)]
                          set up remote as a mirror to push to or fetch from


NADER@DESKTOP-5KJD6C6 MINGW64 ~/Desktop/git and gitHub (master)
$ git remote add origin https://github.com/nader2122/new.git

NADER@DESKTOP-5KJD6C6 MINGW64 ~/Desktop/git and gitHub (master)
$ git status
On branch master

No commits yet

nothing to commit (create/copy files and use "git add" to track)

NADER@DESKTOP-5KJD6C6 MINGW64 ~/Desktop/git and gitHub (master)
$ touch third.txt

NADER@DESKTOP-5KJD6C6 MINGW64 ~/Desktop/git and gitHub (master)
$ git add third.txt

NADER@DESKTOP-5KJD6C6 MINGW64 ~/Desktop/git and gitHub (master)
$ git commit -m"third.txt"
[master (root-commit) 24b9b31] third.txt
 1 file changed, 0 insertions(+), 0 deletions(-)
 create mode 100644 third.txt

NADER@DESKTOP-5KJD6C6 MINGW64 ~/Desktop/git and gitHub (master)
$ git status
On branch master
nothing to commit, working tree clean

NADER@DESKTOP-5KJD6C6 MINGW64 ~/Desktop/git and gitHub (master)
$ touch fourth.txt

NADER@DESKTOP-5KJD6C6 MINGW64 ~/Desktop/git and gitHub (master)
$ git add fourth.txt

NADER@DESKTOP-5KJD6C6 MINGW64 ~/Desktop/git and gitHub (master)
$ git commit -m "add fourth.txt"
[master decfcf8] add fourth.txt
 1 file changed, 0 insertions(+), 0 deletions(-)
 create mode 100644 fourth.txt

NADER@DESKTOP-5KJD6C6 MINGW64 ~/Desktop/git and gitHub (master)
$ git status
On branch master
nothing to commit, working tree clean

NADER@DESKTOP-5KJD6C6 MINGW64 ~/Desktop/git and gitHub (master)
$ git rm third.txt
rm 'third.txt'

NADER@DESKTOP-5KJD6C6 MINGW64 ~/Desktop/git and gitHub (master)
$ git add .

NADER@DESKTOP-5KJD6C6 MINGW64 ~/Desktop/git and gitHub (master)
$ git commit -m "remove third.txt"
[master aa87e47] remove third.txt
 1 file changed, 0 insertions(+), 0 deletions(-)
 delete mode 100644 third.txt

NADER@DESKTOP-5KJD6C6 MINGW64 ~/Desktop/git and gitHub (master)
$ git branch
* master

NADER@DESKTOP-5KJD6C6 MINGW64 ~/Desktop/git and gitHub (master)
$ git push -u origin master
Enumerating objects: 7, done.
Counting objects: 100% (7/7), done.
Delta compression using up to 8 threads
Compressing objects: 100% (4/4), done.
Writing objects: 100% (7/7), 631 bytes | 315.00 KiB/s, done.
Total 7 (delta 0), reused 0 (delta 0), pack-reused 0
To https://github.com/nader2122/new.git
 * [new branch]      master -> master
Branch 'master' set up to track remote branch 'master' from 'origin'.

NADER@DESKTOP-5KJD6C6 MINGW64 ~/Desktop/git and gitHub (master)
$ git status
On branch master
Your branch is up to date with 'origin/master'.

nothing to commit, working tree clean

NADER@DESKTOP-5KJD6C6 MINGW64 ~/Desktop/git and gitHub (master)
$ git pull
Already up to date.

NADER@DESKTOP-5KJD6C6 MINGW64 ~/Desktop/git and gitHub (master)
$ git push -u origin master
Everything up-to-date
Branch 'master' set up to track remote branch 'master' from 'origin'.

NADER@DESKTOP-5KJD6C6 MINGW64 ~/Desktop/git and gitHub (master)
$ git push text.txt
fatal: invalid gitfile format: text.txt
fatal: Could not read from remote repository.

Please make sure you have the correct access rights
and the repository exists.

NADER@DESKTOP-5KJD6C6 MINGW64 ~/Desktop/git and gitHub (master)
$ git merge
Already up to date.

NADER@DESKTOP-5KJD6C6 MINGW64 ~/Desktop/git and gitHub (master)
$ git add .

NADER@DESKTOP-5KJD6C6 MINGW64 ~/Desktop/git and gitHub (master)
$ git commit -m "add text.txt"
[master 6d84144] add text.txt
 1 file changed, 127 insertions(+)
 create mode 100644 text.txt

NADER@DESKTOP-5KJD6C6 MINGW64 ~/Desktop/git and gitHub (master)
$ git status
On branch master
Your branch is ahead of 'origin/master' by 1 commit.
  (use "git push" to publish your local commits)

nothing to commit, working tree clean

NADER@DESKTOP-5KJD6C6 MINGW64 ~/Desktop/git and gitHub (master)
$ git add .

NADER@DESKTOP-5KJD6C6 MINGW64 ~/Desktop/git and gitHub (master)
$ git status
On branch master
Your branch is ahead of 'origin/master' by 1 commit.
  (use "git push" to publish your local commits)

Changes to be committed:
  (use "git restore --staged <file>..." to unstage)
        modified:   text.txt


NADER@DESKTOP-5KJD6C6 MINGW64 ~/Desktop/git and gitHub (master)
$ git commit -m "text empty"
[master 3141fae] text empty
 1 file changed, 127 deletions(-)
 rewrite text.txt (100%)

NADER@DESKTOP-5KJD6C6 MINGW64 ~/Desktop/git and gitHub (master)
$ git status
On branch master
Your branch is ahead of 'origin/master' by 2 commits.
  (use "git push" to publish your local commits)

nothing to commit, working tree clean

NADER@DESKTOP-5KJD6C6 MINGW64 ~/Desktop/git and gitHub (master)
$ git branch
* master

NADER@DESKTOP-5KJD6C6 MINGW64 ~/Desktop/git and gitHub (master)
$ git checkout -b core.page
Switched to a new branch 'core.page'

NADER@DESKTOP-5KJD6C6 MINGW64 ~/Desktop/git and gitHub (core.page)
$ git status
On branch core.page
nothing to commit, working tree clean

NADER@DESKTOP-5KJD6C6 MINGW64 ~/Desktop/git and gitHub (core.page)
$ git merge master
Already up to date.

NADER@DESKTOP-5KJD6C6 MINGW64 ~/Desktop/git and gitHub (core.page)
$ git push origin core.page
Enumerating objects: 6, done.
Counting objects: 100% (6/6), done.
Delta compression using up to 8 threads
Compressing objects: 100% (5/5), done.
Writing objects: 100% (5/5), 1.37 KiB | 1.37 MiB/s, done.
Total 5 (delta 0), reused 0 (delta 0), pack-reused 0
remote:
remote: Create a pull request for 'core.page' on GitHub by visiting:
remote:      https://github.com/nader2122/new/pull/new/core.page
remote:
To https://github.com/nader2122/new.git
 * [new branch]      core.page -> core.page

NADER@DESKTOP-5KJD6C6 MINGW64 ~/Desktop/git and gitHub (core.page)
$ git pull
