
NADER@DESKTOP-5KJD6C6 MINGW64 ~/Desktop/git and gitHub (master)
$ git init
Initialized empty Git repository in C:/Users/NADER/Desktop/git and gitHub/.git/

NADER@DESKTOP-5KJD6C6 MINGW64 ~/Desktop/git and gitHub (master)
$ git commit -m "first commit"
On branch master

Initial commit

nothing to commit (create/copy files and use "git add" to track)

NADER@DESKTOP-5KJD6C6 MINGW64 ~/Desktop/git and gitHub (master)
$ git add .

NADER@DESKTOP-5KJD6C6 MINGW64 ~/Desktop/git and gitHub (master)
$ git commit -m "first commit"
On branch master

Initial commit

nothing to commit (create/copy files and use "git add" to track)

NADER@DESKTOP-5KJD6C6 MINGW64 ~/Desktop/git and gitHub (master)
$ git config --global user.name "nader2122"

NADER@DESKTOP-5KJD6C6 MINGW64 ~/Desktop/git and gitHub (master)
$ git config --global user.email "nadertrabelssi@gmail.com"

NADER@DESKTOP-5KJD6C6 MINGW64 ~/Desktop/git and gitHub (master)
$ git remote add https://github.com/nader2122/new.git
usage: git remote add [<options>] <name> <url>

    -f, --fetch           fetch the remote branches
    --tags                import all tags and associated objects when fetching
                          or do not fetch any tag at all (--no-tags)
    -t, --track <branch>  branch(es) to track
    -m, --master <branch>
                          master branch
    --mirror[=(push|fetch)]
                          set up remote as a mirror to push to or fetch from


NADER@DESKTOP-5KJD6C6 MINGW64 ~/Desktop/git and gitHub (master)
$ git remote add origin https://github.com/nader2122/new.git

NADER@DESKTOP-5KJD6C6 MINGW64 ~/Desktop/git and gitHub (master)
$ git status
On branch master

No commits yet

nothing to commit (create/copy files and use "git add" to track)

NADER@DESKTOP-5KJD6C6 MINGW64 ~/Desktop/git and gitHub (master)
$ touch third.txt

NADER@DESKTOP-5KJD6C6 MINGW64 ~/Desktop/git and gitHub (master)
$ git add third.txt

NADER@DESKTOP-5KJD6C6 MINGW64 ~/Desktop/git and gitHub (master)
$ git commit -m"third.txt"
[master (root-commit) 24b9b31] third.txt
 1 file changed, 0 insertions(+), 0 deletions(-)
 create mode 100644 third.txt

NADER@DESKTOP-5KJD6C6 MINGW64 ~/Desktop/git and gitHub (master)
$ git status
On branch master
nothing to commit, working tree clean

NADER@DESKTOP-5KJD6C6 MINGW64 ~/Desktop/git and gitHub (master)
$ touch fourth.txt

NADER@DESKTOP-5KJD6C6 MINGW64 ~/Desktop/git and gitHub (master)
$ git add fourth.txt

NADER@DESKTOP-5KJD6C6 MINGW64 ~/Desktop/git and gitHub (master)
$ git commit -m "add fourth.txt"
[master decfcf8] add fourth.txt
 1 file changed, 0 insertions(+), 0 deletions(-)
 create mode 100644 fourth.txt

NADER@DESKTOP-5KJD6C6 MINGW64 ~/Desktop/git and gitHub (master)
$ git status
On branch master
nothing to commit, working tree clean

NADER@DESKTOP-5KJD6C6 MINGW64 ~/Desktop/git and gitHub (master)
$ git rm third.txt
rm 'third.txt'

NADER@DESKTOP-5KJD6C6 MINGW64 ~/Desktop/git and gitHub (master)
$ git add .

NADER@DESKTOP-5KJD6C6 MINGW64 ~/Desktop/git and gitHub (master)
$ git commit -m "remove third.txt"
[master aa87e47] remove third.txt
 1 file changed, 0 insertions(+), 0 deletions(-)
 delete mode 100644 third.txt

NADER@DESKTOP-5KJD6C6 MINGW64 ~/Desktop/git and gitHub (master)
$ git branch
* master

NADER@DESKTOP-5KJD6C6 MINGW64 ~/Desktop/git and gitHub (master)
$ git push -u origin master
Enumerating objects: 7, done.
Counting objects: 100% (7/7), done.
Delta compression using up to 8 threads
Compressing objects: 100% (4/4), done.
Writing objects: 100% (7/7), 631 bytes | 315.00 KiB/s, done.
Total 7 (delta 0), reused 0 (delta 0), pack-reused 0
To https://github.com/nader2122/new.git
 * [new branch]      master -> master
Branch 'master' set up to track remote branch 'master' from 'origin'.

NADER@DESKTOP-5KJD6C6 MINGW64 ~/Desktop/git and gitHub (master)
$ git status
On branch master
Your branch is up to date with 'origin/master'.

nothing to commit, working tree clean

NADER@DESKTOP-5KJD6C6 MINGW64 ~/Desktop/git and gitHub (master)
$
